[debug] [2025-11-26T08:43:31.279Z] ----------------------------------------------------------------------
[debug] [2025-11-26T08:43:31.280Z] Command:       C:\Program Files\nodejs\node.exe C:\Users\Admin\AppData\Roaming\npm\node_modules\firebase-tools\lib\bin\firebase.js init emulators
[debug] [2025-11-26T08:43:31.281Z] CLI Version:   14.26.0
[debug] [2025-11-26T08:43:31.281Z] Platform:      win32
[debug] [2025-11-26T08:43:31.281Z] Node Version:  v24.11.0
[debug] [2025-11-26T08:43:31.281Z] Time:          Wed Nov 26 2025 15:43:31 GMT+0700 (Indochina Time)
[debug] [2025-11-26T08:43:31.281Z] ----------------------------------------------------------------------
[debug] 
[debug] [2025-11-26T08:43:31.282Z] >>> [apiv2][query] GET https://firebase-public.firebaseio.com/cli.json [none]
[info] 
     ######## #### ########  ######## ########     ###     ######  ########
     ##        ##  ##     ## ##       ##     ##  ##   ##  ##       ##
     ######    ##  ########  ######   ########  #########  ######  ######
     ##        ##  ##    ##  ##       ##     ## ##     ##       ## ##
     ##       #### ##     ## ######## ########  ##     ##  ######  ########

You're about to initialize a Firebase project in this directory:

  C:\Users\Admin

Before we get started, keep in mind:

  * You are initializing within an existing Firebase project directory

[debug] [2025-11-26T08:43:31.993Z] <<< [apiv2][status] GET https://firebase-public.firebaseio.com/cli.json 200
[debug] [2025-11-26T08:43:31.993Z] <<< [apiv2][body] GET https://firebase-public.firebaseio.com/cli.json {"cloudBuildErrorAfter":1594252800000,"cloudBuildWarnAfter":1590019200000,"defaultNode10After":1594252800000,"minVersion":"3.0.5","node8DeploysDisabledAfter":1613390400000,"node8RuntimeDisabledAfter":1615809600000,"node8WarnAfter":1600128000000}
[info] 
=== Project Setup
[info] 
[info] First, let's associate this project directory with a Firebase project.
[info] You can create multiple project aliases by running firebase use --add, 
[info] 
[debug] [2025-11-26T08:43:58.167Z] > command requires scopes: ["email","openid","https://www.googleapis.com/auth/cloudplatformprojects.readonly","https://www.googleapis.com/auth/firebase","https://www.googleapis.com/auth/cloud-platform"]
[debug] [2025-11-26T08:43:58.168Z] > authorizing via signed-in user (23521593@gm.uit.edu.vn)
[debug] [2025-11-26T08:43:58.169Z] Checked if tokens are valid: false, expires at: 1762509426482
[debug] [2025-11-26T08:43:58.169Z] Checked if tokens are valid: false, expires at: 1762509426482
[debug] [2025-11-26T08:43:58.169Z] > refreshing access token with scopes: []
[debug] [2025-11-26T08:43:58.170Z] >>> [apiv2][query] POST https://www.googleapis.com/oauth2/v3/token [none]
[debug] [2025-11-26T08:43:58.170Z] >>> [apiv2][body] POST https://www.googleapis.com/oauth2/v3/token [omitted]
[debug] [2025-11-26T08:43:58.442Z] <<< [apiv2][status] POST https://www.googleapis.com/oauth2/v3/token 200
[debug] [2025-11-26T08:43:58.442Z] <<< [apiv2][body] POST https://www.googleapis.com/oauth2/v3/token [omitted]
[debug] [2025-11-26T08:43:58.457Z] >>> [apiv2][query] GET https://firebase.googleapis.com/v1beta1/projects/travelapp-b67cb [none]
[debug] [2025-11-26T08:43:58.900Z] <<< [apiv2][status] GET https://firebase.googleapis.com/v1beta1/projects/travelapp-b67cb 200
[debug] [2025-11-26T08:43:58.900Z] <<< [apiv2][body] GET https://firebase.googleapis.com/v1beta1/projects/travelapp-b67cb {"projectId":"travelapp-b67cb","projectNumber":"542198941781","displayName":"TravelApp","name":"projects/travelapp-b67cb","resources":{"hostingSite":"travelapp-b67cb"},"state":"ACTIVE","etag":"1_f4e17a44-c244-4567-990f-5f8f6a34f9b2"}
[info] i  Using project travelapp-b67cb (TravelApp) . 
[info] 
=== Emulators Setup
[debug] [2025-11-26T08:45:21.150Z] ExitPromptError: User force closed the prompt with SIGINT
    at Interface.sigint (C:\Users\Admin\AppData\Roaming\npm\node_modules\firebase-tools\node_modules\@inquirer\core\dist\commonjs\lib\create-prompt.js:101:37)
    at Interface.emit (node:events:508:28)
    at Interface.emit (node:domain:489:12)
    at [_ttyWrite] [as _ttyWrite] (node:internal/readline/interface:1317:18)
    at ReadStream.onkeypress (node:internal/readline/interface:284:20)
    at ReadStream.emit (node:events:520:35)
    at ReadStream.emit (node:domain:489:12)
    at emitKeys (node:internal/readline/utils:371:14)
    at emitKeys.next (<anonymous>)
    at ReadStream.onData (node:internal/readline/emitKeypressEvents:64:36)
[error] 
[error] Error: An unexpected error has occurred.
[debug] [2025-11-26T08:45:24.218Z] ----------------------------------------------------------------------
[debug] [2025-11-26T08:45:24.220Z] Command:       C:\Program Files\nodejs\node.exe C:\Users\Admin\AppData\Roaming\npm\node_modules\firebase-tools\lib\bin\firebase.js init
[debug] [2025-11-26T08:45:24.220Z] CLI Version:   14.26.0
[debug] [2025-11-26T08:45:24.220Z] Platform:      win32
[debug] [2025-11-26T08:45:24.220Z] Node Version:  v24.11.0
[debug] [2025-11-26T08:45:24.220Z] Time:          Wed Nov 26 2025 15:45:24 GMT+0700 (Indochina Time)
[debug] [2025-11-26T08:45:24.221Z] ----------------------------------------------------------------------
[debug] 
[info] 
     ######## #### ########  ######## ########     ###     ######  ########
     ##        ##  ##     ## ##       ##     ##  ##   ##  ##       ##
     ######    ##  ########  ######   ########  #########  ######  ######
     ##        ##  ##    ##  ##       ##     ## ##     ##       ## ##
     ##       #### ##     ## ######## ########  ##     ##  ######  ########

You're about to initialize a Firebase project in this directory:

  C:\Users\Admin

Before we get started, keep in mind:

  * You are initializing within an existing Firebase project directory

[debug] [2025-11-26T08:46:25.557Z] ExitPromptError: User force closed the prompt with SIGINT
    at Interface.sigint (C:\Users\Admin\AppData\Roaming\npm\node_modules\firebase-tools\node_modules\@inquirer\core\dist\commonjs\lib\create-prompt.js:101:37)
    at Interface.emit (node:events:508:28)
    at Interface.emit (node:domain:489:12)
    at [_ttyWrite] [as _ttyWrite] (node:internal/readline/interface:1317:18)
    at ReadStream.onkeypress (node:internal/readline/interface:284:20)
    at ReadStream.emit (node:events:520:35)
    at ReadStream.emit (node:domain:489:12)
    at emitKeys (node:internal/readline/utils:371:14)
    at emitKeys.next (<anonymous>)
    at ReadStream.onData (node:internal/readline/emitKeypressEvents:64:36)
[error] 
[error] Error: An unexpected error has occurred.
[debug] [2025-11-26T08:47:14.238Z] ----------------------------------------------------------------------
[debug] [2025-11-26T08:47:14.240Z] Command:       C:\Program Files\nodejs\node.exe C:\Users\Admin\AppData\Roaming\npm\node_modules\firebase-tools\lib\bin\firebase.js init
[debug] [2025-11-26T08:47:14.240Z] CLI Version:   14.26.0
[debug] [2025-11-26T08:47:14.240Z] Platform:      win32
[debug] [2025-11-26T08:47:14.240Z] Node Version:  v24.11.0
[debug] [2025-11-26T08:47:14.240Z] Time:          Wed Nov 26 2025 15:47:14 GMT+0700 (Indochina Time)
[debug] [2025-11-26T08:47:14.240Z] ----------------------------------------------------------------------
[debug] 
[info] 
     ######## #### ########  ######## ########     ###     ######  ########
     ##        ##  ##     ## ##       ##     ##  ##   ##  ##       ##
     ######    ##  ########  ######   ########  #########  ######  ######
     ##        ##  ##    ##  ##       ##     ## ##     ##       ## ##
     ##       #### ##     ## ######## ########  ##     ##  ######  ########

You're about to initialize a Firebase project in this directory:

  C:\Users\Admin

Before we get started, keep in mind:

  * You are initializing within an existing Firebase project directory

[debug] [2025-11-26T08:47:59.654Z] ExitPromptError: User force closed the prompt with SIGINT
    at Interface.sigint (C:\Users\Admin\AppData\Roaming\npm\node_modules\firebase-tools\node_modules\@inquirer\core\dist\commonjs\lib\create-prompt.js:101:37)
    at Interface.emit (node:events:508:28)
    at Interface.emit (node:domain:489:12)
    at [_ttyWrite] [as _ttyWrite] (node:internal/readline/interface:1317:18)
    at ReadStream.onkeypress (node:internal/readline/interface:284:20)
    at ReadStream.emit (node:events:520:35)
    at ReadStream.emit (node:domain:489:12)
    at emitKeys (node:internal/readline/utils:371:14)
    at emitKeys.next (<anonymous>)
    at ReadStream.onData (node:internal/readline/emitKeypressEvents:64:36)
[error] 
[error] Error: An unexpected error has occurred.
[debug] [2025-11-26T08:51:23.045Z] ----------------------------------------------------------------------
[debug] [2025-11-26T08:51:23.047Z] Command:       C:\Program Files\nodejs\node.exe C:\Users\Admin\AppData\Roaming\npm\node_modules\firebase-tools\lib\bin\firebase.js init
[debug] [2025-11-26T08:51:23.047Z] CLI Version:   14.26.0
[debug] [2025-11-26T08:51:23.047Z] Platform:      win32
[debug] [2025-11-26T08:51:23.047Z] Node Version:  v24.11.0
[debug] [2025-11-26T08:51:23.047Z] Time:          Wed Nov 26 2025 15:51:23 GMT+0700 (Indochina Time)
[debug] [2025-11-26T08:51:23.047Z] ----------------------------------------------------------------------
[debug] 
[info] 
     ######## #### ########  ######## ########     ###     ######  ########
     ##        ##  ##     ## ##       ##     ##  ##   ##  ##       ##
     ######    ##  ########  ######   ########  #########  ######  ######
     ##        ##  ##    ##  ##       ##     ## ##     ##       ## ##
     ##       #### ##     ## ######## ########  ##     ##  ######  ########

You're about to initialize a Firebase project in this directory:

  C:\Users\Admin

Before we get started, keep in mind:

  * You are initializing within an existing Firebase project directory

[debug] [2025-11-26T08:52:37.790Z] ----------------------------------------------------------------------
[debug] [2025-11-26T08:52:37.792Z] Command:       C:\Program Files\nodejs\node.exe C:\Users\Admin\AppData\Roaming\npm\node_modules\firebase-tools\lib\bin\firebase.js init
[debug] [2025-11-26T08:52:37.792Z] CLI Version:   14.26.0
[debug] [2025-11-26T08:52:37.792Z] Platform:      win32
[debug] [2025-11-26T08:52:37.792Z] Node Version:  v24.11.0
[debug] [2025-11-26T08:52:37.792Z] Time:          Wed Nov 26 2025 15:52:37 GMT+0700 (Indochina Time)
[debug] [2025-11-26T08:52:37.792Z] ----------------------------------------------------------------------
[debug] 
[info] 
     ######## #### ########  ######## ########     ###     ######  ########
     ##        ##  ##     ## ##       ##     ##  ##   ##  ##       ##
     ######    ##  ########  ######   ########  #########  ######  ######
     ##        ##  ##    ##  ##       ##     ## ##     ##       ## ##
     ##       #### ##     ## ######## ########  ##     ##  ######  ########

You're about to initialize a Firebase project in this directory:

  C:\Users\Admin

Before we get started, keep in mind:

  * You are initializing within an existing Firebase project directory

[debug] [2025-11-26T08:55:31.193Z] ExitPromptError: User force closed the prompt with SIGINT
    at Interface.sigint (C:\Users\Admin\AppData\Roaming\npm\node_modules\firebase-tools\node_modules\@inquirer\core\dist\commonjs\lib\create-prompt.js:101:37)
    at Interface.emit (node:events:508:28)
    at Interface.emit (node:domain:489:12)
    at [_ttyWrite] [as _ttyWrite] (node:internal/readline/interface:1317:18)
    at ReadStream.onkeypress (node:internal/readline/interface:284:20)
    at ReadStream.emit (node:events:520:35)
    at ReadStream.emit (node:domain:489:12)
    at emitKeys (node:internal/readline/utils:371:14)
    at emitKeys.next (<anonymous>)
    at ReadStream.onData (node:internal/readline/emitKeypressEvents:64:36)
[error] 
[error] Error: An unexpected error has occurred.
[debug] [2025-11-26T08:56:41.888Z] ----------------------------------------------------------------------
[debug] [2025-11-26T08:56:41.893Z] Command:       C:\Program Files\nodejs\node.exe C:\Users\Admin\AppData\Roaming\npm\node_modules\firebase-tools\lib\bin\firebase.js init
[debug] [2025-11-26T08:56:41.893Z] CLI Version:   14.26.0
[debug] [2025-11-26T08:56:41.893Z] Platform:      win32
[debug] [2025-11-26T08:56:41.893Z] Node Version:  v24.11.0
[debug] [2025-11-26T08:56:41.894Z] Time:          Wed Nov 26 2025 15:56:41 GMT+0700 (Indochina Time)
[debug] [2025-11-26T08:56:41.894Z] ----------------------------------------------------------------------
[debug] 
[info] 
     ######## #### ########  ######## ########     ###     ######  ########
     ##        ##  ##     ## ##       ##     ##  ##   ##  ##       ##
     ######    ##  ########  ######   ########  #########  ######  ######
     ##        ##  ##    ##  ##       ##     ## ##     ##       ## ##
     ##       #### ##     ## ######## ########  ##     ##  ######  ########

You're about to initialize a Firebase project in this directory:

  C:\Users\Admin

Before we get started, keep in mind:

  * You are initializing within an existing Firebase project directory

[debug] [2025-11-26T08:57:44.854Z] ExitPromptError: User force closed the prompt with SIGINT
    at Interface.sigint (C:\Users\Admin\AppData\Roaming\npm\node_modules\firebase-tools\node_modules\@inquirer\core\dist\commonjs\lib\create-prompt.js:101:37)
    at Interface.emit (node:events:508:28)
    at Interface.emit (node:domain:489:12)
    at [_ttyWrite] [as _ttyWrite] (node:internal/readline/interface:1317:18)
    at ReadStream.onkeypress (node:internal/readline/interface:284:20)
    at ReadStream.emit (node:events:520:35)
    at ReadStream.emit (node:domain:489:12)
    at emitKeys (node:internal/readline/utils:371:14)
    at emitKeys.next (<anonymous>)
    at ReadStream.onData (node:internal/readline/emitKeypressEvents:64:36)
[error] 
[error] Error: An unexpected error has occurred.
[debug] [2025-11-26T08:58:14.766Z] ----------------------------------------------------------------------
[debug] [2025-11-26T08:58:14.768Z] Command:       C:\Program Files\nodejs\node.exe C:\Users\Admin\AppData\Roaming\npm\node_modules\firebase-tools\lib\bin\firebase.js init
[debug] [2025-11-26T08:58:14.768Z] CLI Version:   14.26.0
[debug] [2025-11-26T08:58:14.768Z] Platform:      win32
[debug] [2025-11-26T08:58:14.768Z] Node Version:  v24.11.0
[debug] [2025-11-26T08:58:14.768Z] Time:          Wed Nov 26 2025 15:58:14 GMT+0700 (Indochina Time)
[debug] [2025-11-26T08:58:14.768Z] ----------------------------------------------------------------------
[debug] 
[info] 
     ######## #### ########  ######## ########     ###     ######  ########
     ##        ##  ##     ## ##       ##     ##  ##   ##  ##       ##
     ######    ##  ########  ######   ########  #########  ######  ######
     ##        ##  ##    ##  ##       ##     ## ##     ##       ## ##
     ##       #### ##     ## ######## ########  ##     ##  ######  ########

You're about to initialize a Firebase project in this directory:

  C:\Users\Admin

Before we get started, keep in mind:

  * You are initializing within an existing Firebase project directory

